[root@bind ~]# 
[root@bind ~]# yum install bind
読み込んだプラグイン:fastestmirror
Loading mirror speeds from cached hostfile
 * base: ftp.riken.jp
 * extras: ftp.riken.jp
 * updates: ftp.riken.jp
依存性の解決をしています
--> トランザクションの確認を実行しています。
---> パッケージ bind.x86_64 32:9.11.4-26.P2.el7_9.13 を インストール
--> 依存性解決を終了しました。

依存性を解決しました

===========================================================================================================================
 Package               アーキテクチャー        バージョン                                   リポジトリー              容量
===========================================================================================================================
インストール中:
 bind                  x86_64                  32:9.11.4-26.P2.el7_9.13                     updates                  2.3 M

トランザクションの要約
===========================================================================================================================
インストール  1 パッケージ

総ダウンロード容量: 2.3 M
インストール容量: 5.4 M
Is this ok [y/d/N]: y
Downloading packages:
bind-9.11.4-26.P2.el7_9.13.x86_64.rpm                                                               | 2.3 MB  00:00:00     
Running transaction check
Running transaction test
Transaction test succeeded
Running transaction
  インストール中          : 32:bind-9.11.4-26.P2.el7_9.13.x86_64                                                       1/1 
  検証中                  : 32:bind-9.11.4-26.P2.el7_9.13.x86_64                                                       1/1 

インストール:
  bind.x86_64 32:9.11.4-26.P2.el7_9.13                                                                                     

完了しました!
[root@bind ~]# 
[root@bind ~]# 
[root@bind ~]# firewall-cmd --add-port=53/tcp --permanent
Warning: ALREADY_ENABLED: 53:tcp
success
[root@bind ~]# 
[root@bind ~]# firewall-cmd --reload
success
[root@bind ~]# 
[root@bind ~]# firewall-cmd --list-all
public (active)
  target: default
  icmp-block-inversion: no
  interfaces: enp0s3
  sources: 
  services: dhcpv6-client ssh
  ports: 53/tcp 53/udp
  protocols: 
  masquerade: no
  forward-ports: 
  source-ports: 
  icmp-blocks: 
  rich rules: 
	
[root@bind ~]# 
[root@bind ~]# 
[root@bind ~]# 
[root@bind ~]# systemctl start named
[root@bind ~]# 
[root@bind ~]# systemctl status named
● named.service - Berkeley Internet Name Domain (DNS)
   Loaded: loaded (/usr/lib/systemd/system/named.service; disabled; vendor preset: disabled)
   Active: active (running) since 月 2023-02-13 13:32:10 JST; 4s ago
  Process: 10690 ExecStart=/usr/sbin/named -u named -c ${NAMEDCONF} $OPTIONS (code=exited, status=0/SUCCESS)
  Process: 10687 ExecStartPre=/bin/bash -c if [ ! "$DISABLE_ZONE_CHECKING" == "yes" ]; then /usr/sbin/named-checkconf -z "$NAMEDCONF"; else echo "Checking of zone files is disabled"; fi (code=exited, status=0/SUCCESS)
 Main PID: 10692 (named)
   CGroup: /system.slice/named.service
           └─10692 /usr/sbin/named -u named -c /etc/named.conf

 2月 13 13:32:10 bind named[10692]: network unreachable resolving './DNSKEY/IN': 2001:503:ba3e::2:30#53
 2月 13 13:32:10 bind named[10692]: network unreachable resolving './NS/IN': 2001:503:ba3e::2:30#53
 2月 13 13:32:10 bind named[10692]: network unreachable resolving './DNSKEY/IN': 2001:dc3::35#53
 2月 13 13:32:10 bind named[10692]: network unreachable resolving './NS/IN': 2001:dc3::35#53
 2月 13 13:32:10 bind named[10692]: network unreachable resolving './DNSKEY/IN': 2001:500:200::b#53
 2月 13 13:32:10 bind named[10692]: network unreachable resolving './NS/IN': 2001:500:200::b#53
 2月 13 13:32:10 bind named[10692]: network unreachable resolving './DNSKEY/IN': 2001:7fe::53#53
 2月 13 13:32:10 bind named[10692]: network unreachable resolving './NS/IN': 2001:7fe::53#53
 2月 13 13:32:10 bind named[10692]: managed-keys-zone: Key 20326 for zone . acceptance timer complete: key now trusted
 2月 13 13:32:10 bind named[10692]: resolver priming query complete
[root@bind ~]# 
[root@bind ~]# 
[root@bind ~]# cp -p /etc/named.conf /etc/named.conf_bk
[root@bind ~]# 
[root@bind ~]# vi /etc/named.conf
[root@bind ~]# 
[root@bind ~]# 
[root@bind ~]# systemctl restart named
Job for named.service failed because the control process exited with error code. See "systemctl status named.service" and "journalctl -xe" for details.
[root@bind ~]# 
[root@bind ~]# journalctl -xe
 2月 13 13:32:10 bind named[10692]: managed-keys-zone: Key 20326 for zone . acceptance timer complete: key now trusted
 2月 13 13:32:10 bind named[10692]: resolver priming query complete
 2月 13 13:39:27 bind polkitd[672]: Registered Authentication Agent for unix-process:10703:694223 (system bus name :1.85 [/
 2月 13 13:39:27 bind systemd[1]: Stopping Berkeley Internet Name Domain (DNS)...
-- Subject: Unit named.service has begun shutting down
-- Defined-By: systemd
-- Support: http://lists.freedesktop.org/mailman/listinfo/systemd-devel
-- 
-- Unit named.service has begun shutting down.
 2月 13 13:39:27 bind named[10692]: received control channel command 'stop'
 2月 13 13:39:27 bind named[10692]: shutting down: flushing changes
 2月 13 13:39:27 bind named[10692]: stopping command channel on 127.0.0.1#953
 2月 13 13:39:27 bind named[10692]: stopping command channel on ::1#953
 2月 13 13:39:27 bind named[10692]: no longer listening on 127.0.0.1#53
 2月 13 13:39:27 bind named[10692]: no longer listening on ::1#53
 2月 13 13:39:27 bind named[10692]: exiting
 2月 13 13:39:27 bind systemd[1]: Stopped Berkeley Internet Name Domain (DNS).
-- Subject: Unit named.service has finished shutting down
-- Defined-By: systemd
-- Support: http://lists.freedesktop.org/mailman/listinfo/systemd-devel
-- 
-- Unit named.service has finished shutting down.
 2月 13 13:39:27 bind systemd[1]: Starting Generate rndc key for BIND (DNS)...
-- Subject: Unit named-setup-rndc.service has begun start-up
-- Defined-By: systemd
-- Support: http://lists.freedesktop.org/mailman/listinfo/systemd-devel
-- 
-- Unit named-setup-rndc.service has begun starting up.
 2月 13 13:39:27 bind systemd[1]: Started Generate rndc key for BIND (DNS).
-- Subject: Unit named-setup-rndc.service has finished start-up
-- Defined-By: systemd
-- Support: http://lists.freedesktop.org/mailman/listinfo/systemd-devel
-- 
-- Unit named-setup-rndc.service has finished starting up.
-- 
-- The start-up result is done.
 2月 13 13:39:27 bind systemd[1]: Starting Berkeley Internet Name Domain (DNS)...
-- Subject: Unit named.service has begun start-up
-- Defined-By: systemd
-- Support: http://lists.freedesktop.org/mailman/listinfo/systemd-devel
-- 
-- Unit named.service has begun starting up.
 2月 13 13:39:27 bind bash[10721]: /etc/named.conf:13: missing ';' before '}'
 2月 13 13:39:27 bind bash[10721]: /etc/named.conf:21: missing ';' before '}'
 2月 13 13:39:27 bind systemd[1]: named.service: control process exited, code=exited status=1
 2月 13 13:39:27 bind systemd[1]: Failed to start Berkeley Internet Name Domain (DNS).
-- Subject: Unit named.service has failed
-- Defined-By: systemd
-- Support: http://lists.freedesktop.org/mailman/listinfo/systemd-devel
-- 
-- Unit named.service has failed.
-- 
-- The result is failed.
 2月 13 13:39:27 bind systemd[1]: Unit named.service entered failed state.
 2月 13 13:39:27 bind systemd[1]: named.service failed.
 2月 13 13:39:27 bind polkitd[672]: Unregistered Authentication Agent for unix-process:10703:694223 (system bus name :1.85,
lines 1123-1178/1178 (END)
[root@bind ~]# 
[root@bind ~]# 
[root@bind ~]# vi /etc/named.conf
[root@bind ~]# 
[root@bind ~]# 
[root@bind ~]# systemctl restart named
[root@bind ~]# 
[root@bind ~]# 
[root@bind ~]# systemctl status named
● named.service - Berkeley Internet Name Domain (DNS)
   Loaded: loaded (/usr/lib/systemd/system/named.service; disabled; vendor preset: disabled)
   Active: active (running) since 月 2023-02-13 13:40:22 JST; 7s ago
  Process: 10709 ExecStop=/bin/sh -c /usr/sbin/rndc stop > /dev/null 2>&1 || /bin/kill -TERM $MAINPID (code=exited, status=0/SUCCESS)
  Process: 10744 ExecStart=/usr/sbin/named -u named -c ${NAMEDCONF} $OPTIONS (code=exited, status=0/SUCCESS)
  Process: 10740 ExecStartPre=/bin/bash -c if [ ! "$DISABLE_ZONE_CHECKING" == "yes" ]; then /usr/sbin/named-checkconf -z "$NAMEDCONF"; else echo "Checking of zone files is disabled"; fi (code=exited, status=0/SUCCESS)
 Main PID: 10745 (named)
   CGroup: /system.slice/named.service
           └─10745 /usr/sbin/named -u named -c /etc/named.conf

 2月 13 13:40:22 bind named[10745]: network unreachable resolving './NS/IN': 2001:dc3::35#53
 2月 13 13:40:22 bind named[10745]: network unreachable resolving './NS/IN': 2001:500:a8::e#53
 2月 13 13:40:22 bind named[10745]: network unreachable resolving './NS/IN': 2001:503:c27::2:30#53
 2月 13 13:40:22 bind named[10745]: network unreachable resolving './NS/IN': 2001:500:2f::f#53
 2月 13 13:40:22 bind named[10745]: network unreachable resolving './NS/IN': 2001:500:200::b#53
 2月 13 13:40:22 bind named[10745]: network unreachable resolving './NS/IN': 2001:500:2d::d#53
 2月 13 13:40:22 bind named[10745]: network unreachable resolving './NS/IN': 2001:500:9f::42#53
 2月 13 13:40:22 bind named[10745]: network unreachable resolving './NS/IN': 2001:7fe::53#53
 2月 13 13:40:22 bind named[10745]: managed-keys-zone: Key 20326 for zone . acceptance timer complete: key now trusted
 2月 13 13:40:22 bind named[10745]: resolver priming query complete
[root@bind ~]# 
[root@bind ~]# 
[root@bind ~]# 
[root@bind ~]# date
2023年  2月 13日 月曜日 13:40:54 JST
[root@bind ~]# 
[root@bind ~]# 
[root@bind ~]# 