# スレーブサーバ

[root@ansible ~]# date
2023年  3月 21日 火曜日 14:50:13 JST
[root@ansible ~]# 
[root@ansible ~]# 
[root@ansible ~]# uname -r
3.10.0-1160.83.1.el7.x86_64
[root@ansible ~]# 
[root@ansible ~]# 
[root@ansible ~]# yum -y install bind bind-chroot bind-utils
読み込んだプラグイン:fastestmirror
Loading mirror speeds from cached hostfile
epel/x86_64/metalink                                                            | 7.9 kB  00:00:00     
 * base: ftp.iij.ad.jp
 * epel: mirror.01link.hk
 * extras: ftp.iij.ad.jp
 * updates: ftp.iij.ad.jp
base                                                                            | 3.6 kB  00:00:00     
epel                                                                            | 4.7 kB  00:00:00     
extras                                                                          | 2.9 kB  00:00:00     
updates                                                                         | 2.9 kB  00:00:00     
(1/2): epel/x86_64/updateinfo                                                   | 1.0 MB  00:00:02     
(2/2): epel/x86_64/primary_db                                                   | 7.0 MB  00:00:04     
依存性の解決をしています
--> トランザクションの確認を実行しています。
---> パッケージ bind.x86_64 32:9.11.4-26.P2.el7_9.13 を インストール
--> 依存性の処理をしています: bind-libs-lite(x86-64) = 32:9.11.4-26.P2.el7_9.13 のパッケージ: 32:bind-9.11.4-26.P2.el7_9.13.x86_64
--> 依存性の処理をしています: bind-libs(x86-64) = 32:9.11.4-26.P2.el7_9.13 のパッケージ: 32:bind-9.11.4-26.P2.el7_9.13.x86_64
--> 依存性の処理をしています: policycoreutils-python のパッケージ: 32:bind-9.11.4-26.P2.el7_9.13.x86_64
--> 依存性の処理をしています: policycoreutils-python のパッケージ: 32:bind-9.11.4-26.P2.el7_9.13.x86_64
--> 依存性の処理をしています: liblwres.so.160()(64bit) のパッケージ: 32:bind-9.11.4-26.P2.el7_9.13.x86_64
--> 依存性の処理をしています: libisccfg.so.160()(64bit) のパッケージ: 32:bind-9.11.4-26.P2.el7_9.13.x86_64
--> 依存性の処理をしています: libisccc.so.160()(64bit) のパッケージ: 32:bind-9.11.4-26.P2.el7_9.13.x86_64
--> 依存性の処理をしています: libisc.so.169()(64bit) のパッケージ: 32:bind-9.11.4-26.P2.el7_9.13.x86_64
--> 依存性の処理をしています: libdns.so.1102()(64bit) のパッケージ: 32:bind-9.11.4-26.P2.el7_9.13.x86_64
--> 依存性の処理をしています: libbind9.so.160()(64bit) のパッケージ: 32:bind-9.11.4-26.P2.el7_9.13.x86_64
--> 依存性の処理をしています: libGeoIP.so.1()(64bit) のパッケージ: 32:bind-9.11.4-26.P2.el7_9.13.x86_64
---> パッケージ bind-chroot.x86_64 32:9.11.4-26.P2.el7_9.13 を インストール
---> パッケージ bind-utils.x86_64 32:9.11.4-26.P2.el7_9.13 を インストール
--> トランザクションの確認を実行しています。
---> パッケージ GeoIP.x86_64 0:1.5.0-14.el7 を インストール
--> 依存性の処理をしています: geoipupdate のパッケージ: GeoIP-1.5.0-14.el7.x86_64
---> パッケージ bind-libs.x86_64 32:9.11.4-26.P2.el7_9.13 を インストール
--> 依存性の処理をしています: bind-license = 32:9.11.4-26.P2.el7_9.13 のパッケージ: 32:bind-libs-9.11.4-26.P2.el7_9.13.x86_64
---> パッケージ bind-libs-lite.x86_64 32:9.11.4-26.P2.el7_9.13 を インストール
---> パッケージ policycoreutils-python.x86_64 0:2.5-34.el7 を インストール
--> 依存性の処理をしています: setools-libs >= 3.3.8-4 のパッケージ: policycoreutils-python-2.5-34.el7.x86_64
--> 依存性の処理をしています: libsemanage-python >= 2.5-14 のパッケージ: policycoreutils-python-2.5-34.el7.x86_64
--> 依存性の処理をしています: audit-libs-python >= 2.1.3-4 のパッケージ: policycoreutils-python-2.5-34.el7.x86_64
--> 依存性の処理をしています: python-IPy のパッケージ: policycoreutils-python-2.5-34.el7.x86_64
--> 依存性の処理をしています: libqpol.so.1(VERS_1.4)(64bit) のパッケージ: policycoreutils-python-2.5-34.el7.x86_64
--> 依存性の処理をしています: libqpol.so.1(VERS_1.2)(64bit) のパッケージ: policycoreutils-python-2.5-34.el7.x86_64
--> 依存性の処理をしています: libcgroup のパッケージ: policycoreutils-python-2.5-34.el7.x86_64
--> 依存性の処理をしています: libapol.so.4(VERS_4.0)(64bit) のパッケージ: policycoreutils-python-2.5-34.el7.x86_64
--> 依存性の処理をしています: checkpolicy のパッケージ: policycoreutils-python-2.5-34.el7.x86_64
--> 依存性の処理をしています: libqpol.so.1()(64bit) のパッケージ: policycoreutils-python-2.5-34.el7.x86_64
--> 依存性の処理をしています: libapol.so.4()(64bit) のパッケージ: policycoreutils-python-2.5-34.el7.x86_64
--> トランザクションの確認を実行しています。
---> パッケージ audit-libs-python.x86_64 0:2.8.5-4.el7 を インストール
---> パッケージ bind-license.noarch 32:9.11.4-26.P2.el7_9.13 を インストール
---> パッケージ checkpolicy.x86_64 0:2.5-8.el7 を インストール
---> パッケージ geoipupdate.x86_64 0:2.5.0-1.el7 を インストール
---> パッケージ libcgroup.x86_64 0:0.41-21.el7 を インストール
---> パッケージ libsemanage-python.x86_64 0:2.5-14.el7 を インストール
---> パッケージ python-IPy.noarch 0:0.75-6.el7 を インストール
---> パッケージ setools-libs.x86_64 0:3.3.8-4.el7 を インストール
--> 依存性解決を終了しました。

依存性を解決しました

=======================================================================================================
 Package                        アーキテクチャー
                                               バージョン                        リポジトリー     容量
=======================================================================================================
インストール中:
 bind                           x86_64         32:9.11.4-26.P2.el7_9.13          updates         2.3 M
 bind-chroot                    x86_64         32:9.11.4-26.P2.el7_9.13          updates          94 k
 bind-utils                     x86_64         32:9.11.4-26.P2.el7_9.13          updates         262 k
依存性関連でのインストールをします:
 GeoIP                          x86_64         1.5.0-14.el7                      base            1.5 M
 audit-libs-python              x86_64         2.8.5-4.el7                       base             76 k
 bind-libs                      x86_64         32:9.11.4-26.P2.el7_9.13          updates         158 k
 bind-libs-lite                 x86_64         32:9.11.4-26.P2.el7_9.13          updates         1.1 M
 bind-license                   noarch         32:9.11.4-26.P2.el7_9.13          updates          92 k
 checkpolicy                    x86_64         2.5-8.el7                         base            295 k
 geoipupdate                    x86_64         2.5.0-1.el7                       base             35 k
 libcgroup                      x86_64         0.41-21.el7                       base             66 k
 libsemanage-python             x86_64         2.5-14.el7                        base            113 k
 policycoreutils-python         x86_64         2.5-34.el7                        base            457 k
 python-IPy                     noarch         0.75-6.el7                        base             32 k
 setools-libs                   x86_64         3.3.8-4.el7                       base            620 k

トランザクションの要約
=======================================================================================================
インストール  3 パッケージ (+12 個の依存関係のパッケージ)

総ダウンロード容量: 7.2 M
インストール容量: 18 M
Downloading packages:
(1/15): audit-libs-python-2.8.5-4.el7.x86_64.rpm                                |  76 kB  00:00:00     
(2/15): bind-libs-9.11.4-26.P2.el7_9.13.x86_64.rpm                              | 158 kB  00:00:00     
(3/15): bind-chroot-9.11.4-26.P2.el7_9.13.x86_64.rpm                            |  94 kB  00:00:00     
(4/15): bind-license-9.11.4-26.P2.el7_9.13.noarch.rpm                           |  92 kB  00:00:00     
(5/15): bind-utils-9.11.4-26.P2.el7_9.13.x86_64.rpm                             | 262 kB  00:00:00     
(6/15): geoipupdate-2.5.0-1.el7.x86_64.rpm                                      |  35 kB  00:00:00     
(7/15): GeoIP-1.5.0-14.el7.x86_64.rpm                                           | 1.5 MB  00:00:00     
(8/15): bind-9.11.4-26.P2.el7_9.13.x86_64.rpm                                   | 2.3 MB  00:00:00     
(9/15): libcgroup-0.41-21.el7.x86_64.rpm                                        |  66 kB  00:00:00     
(10/15): libsemanage-python-2.5-14.el7.x86_64.rpm                               | 113 kB  00:00:00     
(11/15): python-IPy-0.75-6.el7.noarch.rpm                                       |  32 kB  00:00:00     
(12/15): setools-libs-3.3.8-4.el7.x86_64.rpm                                    | 620 kB  00:00:00     
(13/15): checkpolicy-2.5-8.el7.x86_64.rpm                                       | 295 kB  00:00:01     
(14/15): bind-libs-lite-9.11.4-26.P2.el7_9.13.x86_64.rpm                        | 1.1 MB  00:00:01     
(15/15): policycoreutils-python-2.5-34.el7.x86_64.rpm                           | 457 kB  00:00:01     
-------------------------------------------------------------------------------------------------------
合計                                                                   3.2 MB/s | 7.2 MB  00:00:02     
Running transaction check
Running transaction test
Transaction test succeeded
Running transaction
  インストール中          : 32:bind-license-9.11.4-26.P2.el7_9.13.noarch                          1/15 
  インストール中          : setools-libs-3.3.8-4.el7.x86_64                                       2/15 
  インストール中          : audit-libs-python-2.8.5-4.el7.x86_64                                  3/15 
  インストール中          : libcgroup-0.41-21.el7.x86_64                                          4/15 
  インストール中          : libsemanage-python-2.5-14.el7.x86_64                                  5/15 
  インストール中          : python-IPy-0.75-6.el7.noarch                                          6/15 
  インストール中          : checkpolicy-2.5-8.el7.x86_64                                          7/15 
  インストール中          : policycoreutils-python-2.5-34.el7.x86_64                              8/15 
  インストール中          : geoipupdate-2.5.0-1.el7.x86_64                                        9/15 
  インストール中          : GeoIP-1.5.0-14.el7.x86_64                                            10/15 
  インストール中          : 32:bind-libs-lite-9.11.4-26.P2.el7_9.13.x86_64                       11/15 
  インストール中          : 32:bind-libs-9.11.4-26.P2.el7_9.13.x86_64                            12/15 
  インストール中          : 32:bind-9.11.4-26.P2.el7_9.13.x86_64                                 13/15 
  インストール中          : 32:bind-chroot-9.11.4-26.P2.el7_9.13.x86_64                          14/15 
  インストール中          : 32:bind-utils-9.11.4-26.P2.el7_9.13.x86_64                           15/15 
  検証中                  : GeoIP-1.5.0-14.el7.x86_64                                             1/15 
  検証中                  : 32:bind-license-9.11.4-26.P2.el7_9.13.noarch                          2/15 
  検証中                  : 32:bind-chroot-9.11.4-26.P2.el7_9.13.x86_64                           3/15 
  検証中                  : geoipupdate-2.5.0-1.el7.x86_64                                        4/15 
  検証中                  : checkpolicy-2.5-8.el7.x86_64                                          5/15 
  検証中                  : 32:bind-libs-lite-9.11.4-26.P2.el7_9.13.x86_64                        6/15 
  検証中                  : python-IPy-0.75-6.el7.noarch                                          7/15 
  検証中                  : 32:bind-9.11.4-26.P2.el7_9.13.x86_64                                  8/15 
  検証中                  : 32:bind-utils-9.11.4-26.P2.el7_9.13.x86_64                            9/15 
  検証中                  : policycoreutils-python-2.5-34.el7.x86_64                             10/15 
  検証中                  : 32:bind-libs-9.11.4-26.P2.el7_9.13.x86_64                            11/15 
  検証中                  : libsemanage-python-2.5-14.el7.x86_64                                 12/15 
  検証中                  : libcgroup-0.41-21.el7.x86_64                                         13/15 
  検証中                  : audit-libs-python-2.8.5-4.el7.x86_64                                 14/15 
  検証中                  : setools-libs-3.3.8-4.el7.x86_64                                      15/15 

インストール:
  bind.x86_64 32:9.11.4-26.P2.el7_9.13              bind-chroot.x86_64 32:9.11.4-26.P2.el7_9.13       
  bind-utils.x86_64 32:9.11.4-26.P2.el7_9.13       

依存性関連をインストールしました:
  GeoIP.x86_64 0:1.5.0-14.el7                       audit-libs-python.x86_64 0:2.8.5-4.el7             
  bind-libs.x86_64 32:9.11.4-26.P2.el7_9.13         bind-libs-lite.x86_64 32:9.11.4-26.P2.el7_9.13     
  bind-license.noarch 32:9.11.4-26.P2.el7_9.13      checkpolicy.x86_64 0:2.5-8.el7                     
  geoipupdate.x86_64 0:2.5.0-1.el7                  libcgroup.x86_64 0:0.41-21.el7                     
  libsemanage-python.x86_64 0:2.5-14.el7            policycoreutils-python.x86_64 0:2.5-34.el7         
  python-IPy.noarch 0:0.75-6.el7                    setools-libs.x86_64 0:3.3.8-4.el7                  

完了しました!
[root@ansible ~]# 
[root@ansible ~]# 
[root@ansible ~]# rpm -qa | grep bind
bind-export-libs-9.11.4-26.P2.el7_9.13.x86_64
bind-chroot-9.11.4-26.P2.el7_9.13.x86_64
bind-license-9.11.4-26.P2.el7_9.13.noarch
bind-libs-lite-9.11.4-26.P2.el7_9.13.x86_64
bind-9.11.4-26.P2.el7_9.13.x86_64
bind-utils-9.11.4-26.P2.el7_9.13.x86_64
bind-libs-9.11.4-26.P2.el7_9.13.x86_64
[root@ansible ~]# 
[root@ansible ~]# 
[root@ansible ~]# systemctl start named.service 
[root@ansible ~]# 
[root@ansible ~]# 
[root@ansible ~]# systemctl status named.service
● named.service - Berkeley Internet Name Domain (DNS)
   Loaded: loaded (/usr/lib/systemd/system/named.service; disabled; vendor preset: disabled)
   Active: active (running) since 火 2023-03-21 14:15:20 JST; 2s ago
  Process: 1676 ExecStart=/usr/sbin/named -u named -c ${NAMEDCONF} $OPTIONS (code=exited, status=0/SUCCESS)
  Process: 1672 ExecStartPre=/bin/bash -c if [ ! "$DISABLE_ZONE_CHECKING" == "yes" ]; then /usr/sbin/named-checkconf -z "$NAMEDCONF"; else echo "Checking of zone files is disabled"; fi (code=exited, status=0/SUCCESS)
 Main PID: 1677 (named)
   CGroup: /system.slice/named.service
           └─1677 /usr/sbin/named -u named -c /etc/named.conf

 3月 21 14:15:20 ansible named[1677]: network unreachable resolving './DNSKEY/IN': 2001:500:2f::f#53
 3月 21 14:15:20 ansible named[1677]: network unreachable resolving './NS/IN': 2001:500:2f::f#53
 3月 21 14:15:20 ansible named[1677]: network unreachable resolving './DNSKEY/IN': 2001:7fe::53#53
 3月 21 14:15:20 ansible named[1677]: network unreachable resolving './NS/IN': 2001:7fe::53#53
 3月 21 14:15:20 ansible named[1677]: network unreachable resolving './DNSKEY/IN': 2001:500:2d::d#53
 3月 21 14:15:20 ansible named[1677]: network unreachable resolving './NS/IN': 2001:500:2d::d#53
 3月 21 14:15:20 ansible named[1677]: network unreachable resolving './DNSKEY/IN': 2001:500:9f::42#53
 3月 21 14:15:20 ansible named[1677]: network unreachable resolving './NS/IN': 2001:500:9f::42#53
 3月 21 14:15:20 ansible named[1677]: managed-keys-zone: Key 20326 for zone . acceptance timer ...sted
 3月 21 14:15:20 ansible named[1677]: resolver priming query complete
Hint: Some lines were ellipsized, use -l to show in full.
[root@ansible ~]# 
[root@ansible ~]# 
[root@ansible ~]# vi /etc/named.conf
------------------------------------------------------------------------------
      1 //
      2 // named.conf
      3 //
      4 // Provided by Red Hat bind package to configure the ISC BIND named(8) DNS
      5 // server as a caching only nameserver (as a localhost DNS resolver only).
      6 //
      7 // See /usr/share/doc/bind*/sample/ for example named configuration files.
      8 //
      9 // See the BIND Administrator's Reference Manual (ARM) for details about the
     10 // configuration located in /usr/share/doc/bind-{version}/Bv9ARM.html
     11 
     12 options {
     13    listen-on port 53 { 127.0.0.1; };
     14    listen-on port 53 { 192.168.3.200; };
     15    listen-on-v6 port 53 { ::1; };
     16    directory   "/var/named";
     17    dump-file   "/var/named/data/cache_dump.db";
     18    statistics-file "/var/named/data/named_stats.txt";
     19    memstatistics-file "/var/named/data/named_mem_stats.txt";
     20    recursing-file  "/var/named/data/named.recursing";
     21    secroots-file   "/var/named/data/named.secroots";
     22    allow-query     { 192.168.3.0/24; localhost; };
     23    forwarders { 8.8.8.8; };
     24    allow-recursion { 192.168.3.0/24;  };
     25 

     62 
     63 zone "example.com" {
     64    type slave;
     65    file "/var/named/example.com.zone";
     66    masters { 192.168.3.10; };
     67 };
     68 

------------------------------------------------------------------------------
[root@ansible ~]# 
[root@ansible ~]# systemctl restart named.service 
[root@ansible ~]# 
[root@ansible ~]# 
[root@ansible ~]# 
[root@ansible ~]# vi /etc/hosts
------------------------------------------------------------------------------

      1 127.0.0.1   localhost localhost.localdomain localhost4 localhost4.localdomain4
      2 ::1         localhost localhost.localdomain localhost6 localhost6.localdomain6
      3 test-machine ansible_host=127.0.0.1
      4 192.168.3.11 deploy deploy.example.com
      5 192.168.3.10 honban.example.com honban

------------------------------------------------------------------------------
[root@ansible ~]# 
[root@ansible ~]# 
[root@ansible ~]# 
[root@ansible ~]# vi /etc/resolv.conf
------------------------------------------------------------------------------

      1 # Generated by NetworkManager
      2 nameserver 192.168.3.10
      3 nameserver 192.168.3.1

------------------------------------------------------------------------------





# マスターサーバ
[root@honban ~]$ 
[root@honban ~]$ yum list installed | grep bind
bind.x86_64                           32:9.11.4-26.P2.el7_9.13         @updates 
bind-export-libs.x86_64               32:9.11.4-26.P2.el7              @anaconda
bind-libs.x86_64                      32:9.11.4-26.P2.el7_9.13         @updates 
bind-libs-lite.x86_64                 32:9.11.4-26.P2.el7_9.13         @updates 
bind-license.noarch                   32:9.11.4-26.P2.el7_9.13         @updates 
bind-utils.x86_64                     32:9.11.4-26.P2.el7_9.13         @updates 
[root@honban ~]$ 
[root@honban ~]$ 
[root@honban ~]$ yum -y install bind bind-chroot bind-utils
読み込んだプラグイン:fastestmirror
Loading mirror speeds from cached hostfile
 * base: ftp.iij.ad.jp
 * extras: ftp.iij.ad.jp
 * updates: ftp.iij.ad.jp
base                                                                               | 3.6 kB  00:00:00     
extras                                                                             | 2.9 kB  00:00:00     
updates                                                                            | 2.9 kB  00:00:00     
パッケージ 32:bind-9.11.4-26.P2.el7_9.13.x86_64 はインストール済みか最新バージョンです
パッケージ 32:bind-utils-9.11.4-26.P2.el7_9.13.x86_64 はインストール済みか最新バージョンです
依存性の解決をしています
--> トランザクションの確認を実行しています。
---> パッケージ bind-chroot.x86_64 32:9.11.4-26.P2.el7_9.13 を インストール
--> 依存性解決を終了しました。

依存性を解決しました

==========================================================================================================
 Package                アーキテクチャー  バージョン                             リポジトリー        容量
==========================================================================================================
インストール中:
 bind-chroot            x86_64            32:9.11.4-26.P2.el7_9.13               updates             94 k

トランザクションの要約
==========================================================================================================
インストール  1 パッケージ

総ダウンロード容量: 94 k
インストール容量: 4.7 k
Downloading packages:
bind-chroot-9.11.4-26.P2.el7_9.13.x86_64.rpm                                       |  94 kB  00:00:00     
Running transaction check
Running transaction test
Transaction test succeeded
Running transaction
  インストール中          : 32:bind-chroot-9.11.4-26.P2.el7_9.13.x86_64                               1/1 
  検証中                  : 32:bind-chroot-9.11.4-26.P2.el7_9.13.x86_64                               1/1 

インストール:
  bind-chroot.x86_64 32:9.11.4-26.P2.el7_9.13                                                             

完了しました!
[root@honban ~]$ systemctl status named.service
● named.service - Berkeley Internet Name Domain (DNS)
   Loaded: loaded (/usr/lib/systemd/system/named.service; disabled; vendor preset: disabled)
   Active: inactive (dead)
[root@honban ~]$ 
[root@honban ~]$ 
[root@honban ~]$ 
[root@honban ~]$ systemctl start named.service 
[root@honban ~]$ 
[root@honban ~]$ 
[root@honban ~]$ systemctl status named.service
● named.service - Berkeley Internet Name Domain (DNS)
   Loaded: loaded (/usr/lib/systemd/system/named.service; disabled; vendor preset: disabled)
   Active: active (running) since 火 2023-03-21 13:10:09 JST; 2s ago
  Process: 1592 ExecStart=/usr/sbin/named -u named -c ${NAMEDCONF} $OPTIONS (code=exited, status=0/SUCCESS)
  Process: 1588 ExecStartPre=/bin/bash -c if [ ! "$DISABLE_ZONE_CHECKING" == "yes" ]; then /usr/sbin/named-checkconf -z "$NAMEDCONF"; else echo "Checking of zone files is disabled"; fi (code=exited, status=0/SUCCESS)
 Main PID: 1593 (named)
   CGroup: /system.slice/named.service
           └─1593 /usr/sbin/named -u named -c /etc/named.conf

 3月 21 13:10:09 honban named[1593]: network unreachable resolving './DNSKEY/IN': 2001:500:9f::42#53
 3月 21 13:10:09 honban named[1593]: network unreachable resolving './NS/IN': 2001:500:9f::42#53
 3月 21 13:10:09 honban named[1593]: network unreachable resolving './DNSKEY/IN': 2001:503:c27::2:30#53
 3月 21 13:10:09 honban named[1593]: network unreachable resolving './NS/IN': 2001:503:c27::2:30#53
 3月 21 13:10:09 honban named[1593]: network unreachable resolving './DNSKEY/IN': 2001:500:12::d0d#53
 3月 21 13:10:09 honban named[1593]: network unreachable resolving './NS/IN': 2001:500:12::d0d#53
 3月 21 13:10:09 honban named[1593]: network unreachable resolving './DNSKEY/IN': 2001:500:1::53#53
 3月 21 13:10:09 honban named[1593]: network unreachable resolving './NS/IN': 2001:500:1::53#53
 3月 21 13:10:09 honban named[1593]: managed-keys-zone: Key 20326 for zone . acceptance timer comp...sted
 3月 21 13:10:09 honban named[1593]: resolver priming query complete
Hint: Some lines were ellipsized, use -l to show in full.
[root@honban ~]$ 
[root@honban ~]$ 
[root@honban ~]$ 
[root@honban ~]$ vi /etc/named.conf
------------------------------------------------------------------------------
      1 //
      2 // named.conf
      3 //
      4 // Provided by Red Hat bind package to configure the ISC BIND named(8) DNS
      5 // server as a caching only nameserver (as a localhost DNS resolver only).
      6 //
      7 // See /usr/share/doc/bind*/sample/ for example named configuration files.
      8 //
      9 // See the BIND Administrator's Reference Manual (ARM) for details about the
     10 // configuration located in /usr/share/doc/bind-{version}/Bv9ARM.html
     11 
     12 options {
     13    listen-on port 53 { 127.0.0.1; };
     14    listen-on port 53 { 192.168.3.10; };
     15    listen-on-v6 port 53 { ::1; };
     16    directory   "/var/named";
     17    dump-file   "/var/named/data/cache_dump.db";
     18    statistics-file "/var/named/data/named_stats.txt";
     19    memstatistics-file "/var/named/data/named_mem_stats.txt";
     20    recursing-file  "/var/named/data/named.recursing";
     21    secroots-file   "/var/named/data/named.secroots";
     22    allow-query     { 192.168.3.0/24; localhost; };
     23    recursion yes;
     24    forwarders { 8.8.8.8; };
     25    allow-recursion { 192.168.3.0/24;  };
     26 

　　　62 
     63 zone "example.com" {
     64     type master;
     65     file "/var/named/example.com.zone";
     66     allow-transfer { 192.168.3.11; };
     67 };
     68 
------------------------------------------------------------------------------
[root@honban ~]$ 
[root@honban ~]$ 
[root@honban ~]$ vi /var/named/example.com.zone
------------------------------------------------------------------------------

      1 $TTL 86400
      2 @   IN  SOA     honban.example.com. root.example.com. (
      3                   2022031801  ; Serial
      4                   3600       ; Refresh
      5                   1800       ; Retry
      6                   604800     ; Expire
      7                   86400      ; Minimum TTL
      8                 )
      9 
     10 @            IN  NS      honban.example.com.
     11 @            IN  NS      deploy.example.com.
     12 @            IN  NS      ansible.example.com.
     13 honban       IN  A       192.168.3.10
     14 deploy       IN  A       192.168.3.11
     15 ansible      IN  A       192.168.3.200
     16 

------------------------------------------------------------------------------
[root@honban ~]$ 
[root@honban ~]$ 
[root@honban ~]$ systemctl restart named.service 
[root@honban ~]$ 
[root@honban ~]$ 
[root@honban ~]$ vi /etc/hosts
------------------------------------------------------------------------------
   　 1 127.0.0.1   localhost localhost.localdomain localhost4 localhost4.localdomain4
      2 ::1         localhost localhost.localdomain localhost6 localhost6.localdomain6
      3 
      4 192.168.3.11   deploy
      5 192.168.3.200  ansible

------------------------------------------------------------------------------
[root@honban ~]$ 
[root@honban ~]$ 
[root@honban ~]$ 
[root@honban ~]$ vi /etc/resolv.conf
------------------------------------------------------------------------------
      1 # Generated by NetworkManager
      2 nameserver 192.168.3.1

------------------------------------------------------------------------------
[root@honban ~]$ nslookup ansible.example.com
Server:		192.168.3.1
Address:	192.168.3.1#53

** server can't find ansible.example.com: NXDOMAIN

[root@honban ~]$ 
[root@honban ~]$ 
[root@honban ~]$ nslookup ansible
Server:		192.168.3.1
Address:	192.168.3.1#53

** server can't find ansible: NXDOMAIN

[root@honban ~]$
[root@honban ~]$ host 192.168.3.10
10.3.168.192.in-addr.arpa domain name pointer
[root@honban ~]$ 
[root@honban ~]$ 
[root@honban ~]$ 
[root@honban ~]$ dig @192.168.3.1 example.com soa

; <<>> DiG 9.11.4-P2-RedHat-9.11.4-26.P2.el7_9.13 <<>> @192.168.3.1 example.com soa
; (1 server found)
;; global options: +cmd
;; Got answer:
;; ->>HEADER<<- opcode: QUERY, status: NOERROR, id: 22857
;; flags: qr rd ra ad; QUERY: 1, ANSWER: 1, AUTHORITY: 0, ADDITIONAL: 1

;; OPT PSEUDOSECTION:
; EDNS: version: 0, flags:; udp: 4096
;; QUESTION SECTION:
;example.com.			IN	SOA

;; ANSWER SECTION:
example.com.		3600	IN	SOA	ns.icann.org. noc.dns.icann.org. 2022091236 7200 3600 1209600 3600

;; Query time: 266 msec
;; SERVER: 192.168.3.1#53(192.168.3.1)
;; WHEN: 火  3月 21 15:07:47 JST 2023
;; MSG SIZE  rcvd: 96

[root@honban ~]$ 
[root@honban ~]$ 
[root@honban ~]$ 
[root@honban ~]$ dig @192.168.3.1 example.com ns

; <<>> DiG 9.11.4-P2-RedHat-9.11.4-26.P2.el7_9.13 <<>> @192.168.3.1 example.com ns
; (1 server found)
;; global options: +cmd
;; Got answer:
;; ->>HEADER<<- opcode: QUERY, status: NOERROR, id: 31032
;; flags: qr rd ra ad; QUERY: 1, ANSWER: 2, AUTHORITY: 0, ADDITIONAL: 1

;; OPT PSEUDOSECTION:
; EDNS: version: 0, flags:; udp: 4096
;; QUESTION SECTION:
;example.com.			IN	NS

;; ANSWER SECTION:
example.com.		81707	IN	NS	a.iana-servers.net.
example.com.		81707	IN	NS	b.iana-servers.net.

;; Query time: 279 msec
;; SERVER: 192.168.3.1#53(192.168.3.1)
;; WHEN: 火  3月 21 15:07:52 JST 2023
;; MSG SIZE  rcvd: 88

[root@honban ~]$ 
[root@honban ~]$ 
[root@honban ~]$ dig @192.168.3.1 www.yahoo.co.jp

; <<>> DiG 9.11.4-P2-RedHat-9.11.4-26.P2.el7_9.13 <<>> @192.168.3.1 www.yahoo.co.jp
; (1 server found)
;; global options: +cmd
;; Got answer:
;; ->>HEADER<<- opcode: QUERY, status: NOERROR, id: 59060
;; flags: qr rd ra; QUERY: 1, ANSWER: 2, AUTHORITY: 0, ADDITIONAL: 1

;; OPT PSEUDOSECTION:
; EDNS: version: 0, flags:; udp: 4096
;; QUESTION SECTION:
;www.yahoo.co.jp.		IN	A

;; ANSWER SECTION:
www.yahoo.co.jp.	731	IN	CNAME	edge12.g.yimg.jp.
edge12.g.yimg.jp.	41	IN	A	182.22.28.252

;; Query time: 42 msec
;; SERVER: 192.168.3.1#53(192.168.3.1)
;; WHEN: 火  3月 21 15:08:47 JST 2023
;; MSG SIZE  rcvd: 88

[root@honban ~]$ 
[root@honban ~]$ 
[root@honban ~]$ dig @8.8.8.8 example.com

; <<>> DiG 9.11.4-P2-RedHat-9.11.4-26.P2.el7_9.13 <<>> @8.8.8.8 example.com
; (1 server found)
;; global options: +cmd
;; Got answer:
;; ->>HEADER<<- opcode: QUERY, status: NOERROR, id: 61713
;; flags: qr rd ra ad; QUERY: 1, ANSWER: 1, AUTHORITY: 0, ADDITIONAL: 1

;; OPT PSEUDOSECTION:
; EDNS: version: 0, flags:; udp: 512
;; QUESTION SECTION:
;example.com.			IN	A

;; ANSWER SECTION:
example.com.		19640	IN	A	93.184.216.34

;; Query time: 32 msec
;; SERVER: 8.8.8.8#53(8.8.8.8)
;; WHEN: 火  3月 21 15:10:33 JST 2023
;; MSG SIZE  rcvd: 56

[root@honban ~]$ 
[root@honban ~]$ 



# スレーブサーバ
[root@ansible ~]# ig @192.168.3.10 example.com ns
-bash: ig: コマンドが見つかりません
[root@ansible ~]# dig @192.168.3.10 example.com ns

; <<>> DiG 9.11.4-P2-RedHat-9.11.4-26.P2.el7_9.13 <<>> @192.168.3.10 example.com ns
; (1 server found)
;; global options: +cmd
;; Got answer:
;; ->>HEADER<<- opcode: QUERY, status: NOERROR, id: 37309
;; flags: qr aa rd ra; QUERY: 1, ANSWER: 3, AUTHORITY: 0, ADDITIONAL: 4

;; OPT PSEUDOSECTION:
; EDNS: version: 0, flags:; udp: 4096
;; QUESTION SECTION:
;example.com.			IN	NS

;; ANSWER SECTION:
example.com.		86400	IN	NS	ansible.example.com.
example.com.		86400	IN	NS	honban.example.com.
example.com.		86400	IN	NS	deploy.example.com.

;; ADDITIONAL SECTION:
honban.example.com.	86400	IN	A	192.168.3.10
deploy.example.com.	86400	IN	A	192.168.3.11
ansible.example.com.	86400	IN	A	192.168.3.200

;; Query time: 2 msec
;; SERVER: 192.168.3.10#53(192.168.3.10)
;; WHEN: 火  3月 21 15:16:17 JST 2023
;; MSG SIZE  rcvd: 152

[root@ansible ~]# 
[root@ansible ~]# dig @192.168.3.10 example.com soa

; <<>> DiG 9.11.4-P2-RedHat-9.11.4-26.P2.el7_9.13 <<>> @192.168.3.10 example.com soa
; (1 server found)
;; global options: +cmd
;; Got answer:
;; ->>HEADER<<- opcode: QUERY, status: NOERROR, id: 27670
;; flags: qr aa rd ra; QUERY: 1, ANSWER: 1, AUTHORITY: 3, ADDITIONAL: 4

;; OPT PSEUDOSECTION:
; EDNS: version: 0, flags:; udp: 4096
;; QUESTION SECTION:
;example.com.			IN	SOA

;; ANSWER SECTION:
example.com.		86400	IN	SOA	honban.example.com. root.example.com. 2022031801 3600 1800 604800 86400

;; AUTHORITY SECTION:
example.com.		86400	IN	NS	deploy.example.com.
example.com.		86400	IN	NS	ansible.example.com.
example.com.		86400	IN	NS	honban.example.com.

;; ADDITIONAL SECTION:
honban.example.com.	86400	IN	A	192.168.3.10
deploy.example.com.	86400	IN	A	192.168.3.11
ansible.example.com.	86400	IN	A	192.168.3.200

;; Query time: 3 msec
;; SERVER: 192.168.3.10#53(192.168.3.10)
;; WHEN: 火  3月 21 15:16:23 JST 2023
;; MSG SIZE  rcvd: 193

[root@ansible ~]# 
[root@ansible ~]# 
[root@ansible ~]# dig @192.168.3.10 www.yahoo.co.jp

; <<>> DiG 9.11.4-P2-RedHat-9.11.4-26.P2.el7_9.13 <<>> @192.168.3.10 www.yahoo.co.jp
; (1 server found)
;; global options: +cmd
;; Got answer:
;; ->>HEADER<<- opcode: QUERY, status: NOERROR, id: 10289
;; flags: qr rd ra; QUERY: 1, ANSWER: 2, AUTHORITY: 13, ADDITIONAL: 27

;; OPT PSEUDOSECTION:
; EDNS: version: 0, flags:; udp: 4096
;; QUESTION SECTION:
;www.yahoo.co.jp.		IN	A

;; ANSWER SECTION:
www.yahoo.co.jp.	742	IN	CNAME	edge12.g.yimg.jp.
edge12.g.yimg.jp.	16	IN	A	183.79.250.251

;; AUTHORITY SECTION:
.			514772	IN	NS	d.root-servers.net.
.			514772	IN	NS	b.root-servers.net.
.			514772	IN	NS	m.root-servers.net.
.			514772	IN	NS	c.root-servers.net.
.			514772	IN	NS	l.root-servers.net.
.			514772	IN	NS	e.root-servers.net.
.			514772	IN	NS	i.root-servers.net.
.			514772	IN	NS	k.root-servers.net.
.			514772	IN	NS	g.root-servers.net.
.			514772	IN	NS	a.root-servers.net.
.			514772	IN	NS	j.root-servers.net.
.			514772	IN	NS	h.root-servers.net.
.			514772	IN	NS	f.root-servers.net.

;; ADDITIONAL SECTION:
e.root-servers.net.	514772	IN	A	192.203.230.10
h.root-servers.net.	514772	IN	A	198.97.190.53
l.root-servers.net.	514772	IN	A	199.7.83.42
i.root-servers.net.	514772	IN	A	192.36.148.17
a.root-servers.net.	514772	IN	A	198.41.0.4
d.root-servers.net.	514772	IN	A	199.7.91.13
c.root-servers.net.	514772	IN	A	192.33.4.12
b.root-servers.net.	514772	IN	A	199.9.14.201
j.root-servers.net.	514772	IN	A	192.58.128.30
k.root-servers.net.	514772	IN	A	193.0.14.129
g.root-servers.net.	514772	IN	A	192.112.36.4
m.root-servers.net.	514772	IN	A	202.12.27.33
f.root-servers.net.	514772	IN	A	192.5.5.241
e.root-servers.net.	514772	IN	AAAA	2001:500:a8::e
h.root-servers.net.	514772	IN	AAAA	2001:500:1::53
l.root-servers.net.	514772	IN	AAAA	2001:500:9f::42
i.root-servers.net.	514772	IN	AAAA	2001:7fe::53
a.root-servers.net.	514772	IN	AAAA	2001:503:ba3e::2:30
d.root-servers.net.	514772	IN	AAAA	2001:500:2d::d
c.root-servers.net.	514772	IN	AAAA	2001:500:2::c
b.root-servers.net.	514772	IN	AAAA	2001:500:200::b
j.root-servers.net.	514772	IN	AAAA	2001:503:c27::2:30
k.root-servers.net.	514772	IN	AAAA	2001:7fd::1
g.root-servers.net.	514772	IN	AAAA	2001:500:12::d0d
m.root-servers.net.	514772	IN	AAAA	2001:dc3::35
f.root-servers.net.	514772	IN	AAAA	2001:500:2f::f

;; Query time: 345 msec
;; SERVER: 192.168.3.10#53(192.168.3.10)
;; WHEN: 火  3月 21 15:16:42 JST 2023
;; MSG SIZE  rcvd: 871

[root@ansible ~]# 
[root@ansible ~]# 
[root@ansible ~]# 
[root@ansible ~]# dig honban.example.com

; <<>> DiG 9.11.4-P2-RedHat-9.11.4-26.P2.el7_9.13 <<>> honban.example.com
;; global options: +cmd
;; Got answer:
;; ->>HEADER<<- opcode: QUERY, status: NOERROR, id: 14826
;; flags: qr aa rd ra; QUERY: 1, ANSWER: 1, AUTHORITY: 3, ADDITIONAL: 3

;; OPT PSEUDOSECTION:
; EDNS: version: 0, flags:; udp: 4096
;; QUESTION SECTION:
;honban.example.com.		IN	A

;; ANSWER SECTION:
honban.example.com.	86400	IN	A	192.168.3.10

;; AUTHORITY SECTION:
example.com.		86400	IN	NS	honban.example.com.
example.com.		86400	IN	NS	deploy.example.com.
example.com.		86400	IN	NS	ansible.example.com.

;; ADDITIONAL SECTION:
deploy.example.com.	86400	IN	A	192.168.3.11
ansible.example.com.	86400	IN	A	192.168.3.200

;; Query time: 2 msec
;; SERVER: 192.168.3.10#53(192.168.3.10)
;; WHEN: 火  3月 21 14:36:43 JST 2023
;; MSG SIZE  rcvd: 152

[root@ansible ~]# 
[root@ansible ~]# 
[root@ansible ~]# dig @8.8.8.8 example.com

; <<>> DiG 9.11.4-P2-RedHat-9.11.4-26.P2.el7_9.13 <<>> @8.8.8.8 example.com
; (1 server found)
;; global options: +cmd
;; Got answer:
;; ->>HEADER<<- opcode: QUERY, status: NOERROR, id: 54584
;; flags: qr rd ra ad; QUERY: 1, ANSWER: 1, AUTHORITY: 0, ADDITIONAL: 1

;; OPT PSEUDOSECTION:
; EDNS: version: 0, flags:; udp: 512
;; QUESTION SECTION:
;example.com.			IN	A

;; ANSWER SECTION:
example.com.		19845	IN	A	93.184.216.34

;; Query time: 31 msec
;; SERVER: 8.8.8.8#53(8.8.8.8)
;; WHEN: 火  3月 21 14:34:41 JST 2023
;; MSG SIZE  rcvd: 56

[root@ansible ~]# 
[root@ansible ~]# 
[root@ansible ~]# 
[root@ansible ~]# nslookup ansible.example.com
Server:		192.168.3.10
Address:	192.168.3.10#53

Name:	ansible.example.com
Address: 192.168.3.200

[root@ansible ~]# 
[root@ansible ~]# 
[root@ansible ~]# nslookup honban.example.com
Server:		192.168.3.10
Address:	192.168.3.10#53

Name:	honban.example.com
Address: 192.168.3.10

[root@ansible ~]# 
[root@ansible ~]#
[root@ansible ~]# host honban.example.com
honban.example.com has address 192.168.3.10
[root@ansible ~]# 
[root@ansible ~]# host ansible.example.com
ansible.example.com has address 192.168.3.200
[root@ansible ~]# 
[root@ansible ~]# 
[root@ansible ~]# exit





