[root@ansible ~]# ansible --version
ansible 2.9.27
  config file = /etc/ansible/ansible.cfg
  configured module search path = [u'/root/.ansible/plugins/modules', u'/usr/share/ansible/plugins/modules']
  ansible python module location = /usr/lib/python2.7/site-packages/ansible
  executable location = /usr/bin/ansible
  python version = 2.7.5 (default, Jun 28 2022, 15:30:04) [GCC 4.8.5 20150623 (Red Hat 4.8.5-44)]
[root@ansible ~]# 
[root@ansible ~]# 
[root@ansible ~]# uname -r
3.10.0-1160.el7.x86_64
[root@ansible ~]# 
[root@ansible ~]# 
[root@ansible ~]# date
2023年  3月  4日 土曜日 23:36:10 JST
[root@ansible ~]# 
[root@ansible ~]# 
[root@ansible ~]# vi /home/test/hosts
———————————————————————————————————————————————————————————————————————————
      1 [group1]
      2 192.168.3.11
      3 
      4 [group1:vars]
      5 ansible_user='root'
      6 ansible_ssh_private_key_file=/root/.ssh/id_rsa
———————————————————————————————————————————————————————————————————————————
[root@ansible ~]# 
[root@ansible ~]# 
[root@ansible ~]# 
[root@ansible ~]# vi /home/test/SetAnsible.yml
———————————————————————————————————————————————————————————————————————————
      1 - name: Install Ansible on remote host
      2   hosts: 192.168.3.11
      3   become: true
      4   tasks:
      5     - name: Add EPEL repository
      6       yum:
      7         name: epel-release
      8         state: present
      9 
     10     - name: Install Ansible
     11       yum:
     12         name: ansible
     13         state: present
———————————————————————————————————————————————————————————————————————————
[root@ansible ~]# 
[root@ansible ~]# 
[root@ansible ~]# 
[root@ansible ~]# ansible-playbook -i /home/test/hosts /home/test/SetAnsible.yml

PLAY [Install Ansible on remote host] *****************************************************************************

TASK [Gathering Facts] ********************************************************************************************
ok: [192.168.3.11]

TASK [Add EPEL repository] ****************************************************************************************
changed: [192.168.3.11]

TASK [Install Ansible] ********************************************************************************************
changed: [192.168.3.11]

PLAY RECAP ********************************************************************************************************
192.168.3.11               : ok=3    changed=2    unreachable=0    failed=0    skipped=0    rescued=0    ignored=0   

[root@ansible ~]# 
[root@ansible ~]# 
[root@ansible ~]# ssh root@192.168.3.11
Last login: Sat Mar  4 23:31:39 2023 from 192.168.3.200
[root@deploy ~]# 
[root@deploy ~]# 
[root@deploy ~]# ansible --version
ansible 2.9.27
  config file = /etc/ansible/ansible.cfg
  configured module search path = [u'/root/.ansible/plugins/modules', u'/usr/share/ansible/plugins/modules']
  ansible python module location = /usr/lib/python2.7/site-packages/ansible
  executable location = /usr/bin/ansible
  python version = 2.7.5 (default, Oct 14 2020, 14:45:30) [GCC 4.8.5 20150623 (Red Hat 4.8.5-44)]
[root@deploy ~]# 
[root@deploy ~]# 
